
Memory Configuration

Name             Origin             Length             Attributes
FLASH            0x08000000         0x00080000         xr
SRAM             0x20000000         0x00020000         xrw
*default*        0x00000000         0xffffffff

Linker script and memory map

LOAD object/kmain.o
LOAD object/stm32_startup.o
LOAD object/clock.o
LOAD object/usart.o
LOAD object/gpio.o
LOAD object/timer.o
LOAD object/kstdio.o
LOAD object/sys_init.o
LOAD object/sys.o

.text           0x08000000     0x11f0
                0x08000000                _stext = .
 *(.isr_vector)
 .isr_vector    0x08000000      0x1c4 object/stm32_startup.o
                0x08000000                NVIC_VECTOR
 *(.text)
 .text          0x080001c4       0xe0 object/kmain.o
                0x080001c4                kmain
                0x08000230                checkPriority
 .text          0x080002a4      0x114 object/stm32_startup.o
                0x080002a4                Reset_Handler
                0x0800035c                FLASH_Handler
                0x0800035c                SVCall_Handler
                0x0800035c                DMA2_Stream7_Handler
                0x0800035c                OTG_HS_Handler
                0x0800035c                SPI4_Handler
                0x0800035c                DMA2_Stream3_Handler
                0x0800035c                USART3_Handler
                0x0800035c                PendSV_Handler
                0x0800035c                NMI_Handler
                0x0800035c                SAI1_Handler
                0x0800035c                TIM6_DAC_Handler
                0x0800035c                CAN1_RX1_Handler
                0x0800035c                EXTI15_10_Handler
                0x0800035c                ADC_Handler
                0x0800035c                I2C1_EV_Handler
                0x0800035c                TAMP_STAMP_Handler
                0x0800035c                I2C3_ER_Handler
                0x0800035c                WWDG_Handler
                0x0800035c                EXTI4_Handler
                0x0800035c                I2C3_EV_Handler
                0x0800035c                DMA1_Stream1_Handler
                0x0800035c                DMA2_Stream4_Handler
                0x0800035c                DMA1_Stream7_Handler
                0x0800035c                OTG_FS_Handler
                0x0800035c                TIM1_BRK_TIM9_Handler
                0x0800035c                I2C1_ER_Handler
                0x0800035c                DMA1_Stream3_Handler
                0x0800035c                UsageFault_Handler
                0x0800035c                TIM1_UP_TIM10_Handler
                0x0800035c                CAN1_RX0_Handler
                0x0800035c                TIM1_CC_Handler
                0x0800035c                I2C2_ER_Handler
                0x0800035c                USART6_Handler
                0x0800035c                TIM8_CC_Handler
                0x0800035c                HDMI_CEC_Handler
                0x0800035c                SAI2_Handler
                0x0800035c                CAN1_SCE_Handler
                0x0800035c                DMA1_Stream0_Handler
                0x0800035c                OTG_HS_EP1_OUT_Handler
                0x0800035c                EXTI1_Handler
                0x0800035c                RTC_WKUP_Handler
                0x0800035c                FMC_Handler
                0x0800035c                EXTI3_Handler
                0x0800035c                EXTI2_Handler
                0x0800035c                UART4_Handler
                0x0800035c                CAN2_RX1_Handler
                0x0800035c                EXTI9_5_Handler
                0x0800035c                TIM2_Handler
                0x0800035c                USART1_Handler
                0x0800035c                CAN2_SCE_Handler
                0x0800035c                TIM3_Handler
                0x0800035c                DMA2_Stream6_Handler
                0x0800035c                OTG_FS_WKUP_Handler
                0x0800035c                Default_Handler
                0x0800035c                DCMI_Handler
                0x0800035c                TIM1_TRG_COM_TIM11_Handler
                0x0800035c                RTC_Alarm_Handler
                0x0800035c                TIM4_Handler
                0x0800035c                TIM8_UP_TIM13_Handler
                0x0800035c                CAN2_TX_Handler
                0x0800035c                SPI2_Handler
                0x0800035c                DMA2_Stream1_Handler
                0x0800035c                DMA1_Stream2_Handler
                0x0800035c                OTG_HS_WKUP_Handler
                0x0800035c                EXTI0_Handler
                0x0800035c                TIM8_BRK_TIM12_Handler
                0x0800035c                CAN2_RX0_Handler
                0x0800035c                DMA2_Stream5_Handler
                0x0800035c                DMA1_Stream6_Handler
                0x0800035c                SDIO_Handler
                0x0800035c                FMPI2C1_ERR_Handler
                0x0800035c                DebugMonitor_Handler
                0x0800035c                SPI1_Handler
                0x0800035c                I2C2_EV_Handler
                0x0800035c                SPDIF_Rx_Handler
                0x0800035c                DMA2_Stream2_Handler
                0x0800035c                SPI3_Handler
                0x0800035c                DMA2_Stream0_Handler
                0x0800035c                RCC_Handler
                0x0800035c                PVD_Handler
                0x0800035c                UART5_Handler
                0x0800035c                DMA1_Stream5_Handler
                0x0800035c                TIM5_Handler
                0x0800035c                QuadSPI_Handler
                0x0800035c                TIM7_Handler
                0x0800035c                TIM8_TRG_COM_TIM14_Handler
                0x0800035c                CAN1_TX_Handler
                0x0800035c                FPU_Handler
                0x0800035c                FMPI2C1_Handler
                0x0800035c                DMA1_Stream4_Handler
                0x0800035c                OTG_HS_EP1_IN_Handler
                0x08000362                HardFault_Handler
                0x08000368                MemManage_Handler
                0x0800036e                BusFault_Handler
                0x08000374                update_global_tick_count
                0x08000390                USART2_Handler
 .text          0x080003b8       0xbc object/clock.o
                0x080003b8                DRV_CLOCK_INIT
 .text          0x08000474      0x1b0 object/usart.o
                0x08000474                DRV_FPU_ACTIVE
                0x08000498                DRV_USART_INIT
                0x08000558                UART2_SendChar
                0x08000588                UART2_SendString
                0x080005b2                UART2_GetChar
                0x080005e0                UART2_GetString
 .text          0x08000624       0x20 object/gpio.o
                0x08000624                DRV_GPIO_INIT
 .text          0x08000644        0xe object/timer.o
                0x08000644                DRV_TIMER_INIT
 *fill*         0x08000652        0x2 
 .text          0x08000654      0x710 object/kstdio.o
                0x08000654                kprintf
                0x08000b18                kscanf
 .text          0x08000d64       0x24 object/sys_init.o
                0x08000d64                __sys_init
 .text          0x08000d88      0x3f4 object/sys.o
                0x08000d88                sysTick_init
                0x08000dfc                sysTick_enable
                0x08000e30                sysTick_disable
                0x08000e5c                getSysTickCount
                0x08000e74                updateSysTick
                0x08000ee8                getTime
                0x08000f50                getTimeElapsed
                0x08000fac                SysTick_Handler
                0x08000fd0                NVIC_SetPriority
                0x0800101c                NVIC_GetPriority
                0x08001050                NVIC_EnableIRQn
                0x080010ac                NVIC_DisableIRQn
                0x0800110c                disable_irq
                0x0800111c                set_BASEPRI
                0x08001150                enable_irq
                0x08001160                unset_BASEPRI
 *(.rodata)
 .rodata        0x0800117c       0x32 object/kmain.o
 *fill*         0x080011ae        0x2 
 .rodata        0x080011b0        0x3 object/stm32_startup.o
 *fill*         0x080011b3        0x1 
 .rodata        0x080011b4       0x10 object/kstdio.o
 .rodata        0x080011c4       0x2b object/sys.o
                0x080011f0                . = ALIGN (0x4)
 *fill*         0x080011ef        0x1 
                0x080011f0                _etext = .
                0x080011f0                _la_data = LOADADDR (.data)

.glue_7         0x080011f0        0x0
 .glue_7        0x080011f0        0x0 linker stubs

.glue_7t        0x080011f0        0x0
 .glue_7t       0x080011f0        0x0 linker stubs

.vfp11_veneer   0x080011f0        0x0
 .vfp11_veneer  0x080011f0        0x0 linker stubs

.v4_bx          0x080011f0        0x0
 .v4_bx         0x080011f0        0x0 linker stubs

.iplt           0x080011f0        0x0
 .iplt          0x080011f0        0x0 object/kmain.o

.rel.dyn        0x080011f0        0x0
 .rel.iplt      0x080011f0        0x0 object/kmain.o

.data           0x20000000        0x0 load address 0x080011f0
                0x20000000                _sdata = .
 *(.data)
 .data          0x20000000        0x0 object/kmain.o
 .data          0x20000000        0x0 object/stm32_startup.o
 .data          0x20000000        0x0 object/clock.o
 .data          0x20000000        0x0 object/usart.o
 .data          0x20000000        0x0 object/gpio.o
 .data          0x20000000        0x0 object/timer.o
 .data          0x20000000        0x0 object/kstdio.o
 .data          0x20000000        0x0 object/sys_init.o
 .data          0x20000000        0x0 object/sys.o
                0x20000000                . = ALIGN (0x4)
                0x20000000                _edata = .

.igot.plt       0x20000000        0x0 load address 0x080011f0
 .igot.plt      0x20000000        0x0 object/kmain.o

.bss            0x20000000       0x7c load address 0x080011f0
                0x20000000                _sbss = .
 *(.bss)
 .bss           0x20000000        0x0 object/kmain.o
 .bss           0x20000000       0x10 object/stm32_startup.o
                0x20000000                _bss_size
                0x20000004                _data_size
                0x20000008                _text_size
                0x2000000c                g_tick_count
 .bss           0x20000010        0x0 object/clock.o
 .bss           0x20000010       0x64 object/usart.o
                0x20000010                string
 .bss           0x20000074        0x0 object/gpio.o
 .bss           0x20000074        0x0 object/timer.o
 .bss           0x20000074        0x0 object/kstdio.o
 .bss           0x20000074        0x0 object/sys_init.o
 .bss           0x20000074        0x8 object/sys.o
                0x20000074                mscount
                0x20000078                delay
                0x2000007c                _ebss = .
OUTPUT(target/asst01.elf elf32-littlearm)
LOAD linker stubs

.comment        0x00000000       0x49
 .comment       0x00000000       0x49 object/kmain.o
                                 0x4a (size before relaxing)
 .comment       0x00000049       0x4a object/stm32_startup.o
 .comment       0x00000049       0x4a object/clock.o
 .comment       0x00000049       0x4a object/usart.o
 .comment       0x00000049       0x4a object/gpio.o
 .comment       0x00000049       0x4a object/timer.o
 .comment       0x00000049       0x4a object/kstdio.o
 .comment       0x00000049       0x4a object/sys_init.o
 .comment       0x00000049       0x4a object/sys.o

.ARM.attributes
                0x00000000       0x32
 .ARM.attributes
                0x00000000       0x32 object/kmain.o
 .ARM.attributes
                0x00000032       0x32 object/stm32_startup.o
 .ARM.attributes
                0x00000064       0x32 object/clock.o
 .ARM.attributes
                0x00000096       0x32 object/usart.o
 .ARM.attributes
                0x000000c8       0x32 object/gpio.o
 .ARM.attributes
                0x000000fa       0x32 object/timer.o
 .ARM.attributes
                0x0000012c       0x32 object/kstdio.o
 .ARM.attributes
                0x0000015e       0x32 object/sys_init.o
 .ARM.attributes
                0x00000190       0x32 object/sys.o
